// Jest Snapshot v1, https://goo.gl/fbAQLP

exports[`can be created 1`] = `
{
  "destination": {
    "id": "3500",
    "name": "הרצליה",
  },
  "origin": {
    "id": "680",
    "name": "ירושלים - יצחק נבון",
  },
}
`;
